2023-09-19  19:08
=================

    $ mkdir 230919-git-study4devops
    $ git init
    $ ls -a
.  ..  .git
    $ mkdir nebula jupiter pluto
    $ touch saturn{3..9}.py WORKFLOW.txt
    $ ls -a
.   .git    nebula  saturn3.py  saturn5.py  saturn7.py  saturn9.py
..  jupiter  pluto   saturn4.py  saturn6.py  saturn8.py
    $ touch jupiter/test01 nebula/test02 pluto/test03
    $ git status
$ git status
On branch main
    No commits yet
Untracked files:
  (use "git add <file>..." to include in what will be committed)
	WORKFLOW.md
	jupiter/
	nebula/
	pluto/
	saturn3.py
	saturn4.py
	saturn5.py
	saturn6.py
	saturn7.py
	saturn8.py
	saturn9.py
nothing added to commit but untracked files present (use "git add" to track)

# So now we've brought our files into a staging area.
    $ git config --global user.email "mmy@example.aws"
    $ git config --global user,name "Mmy Nname"
    $ git commit -m "Step #01. Initial commit with a bunch of the empty files."
[main (root-commit) 95f9b4a] Step #01. Initial commit with a bunch of the empty files.
 11 files changed, 0 insertions(+), 0 deletions(-)
 create mode 100644 WORKFLOW.md
 create mode 100644 jupiter/test01
 create mode 100644 nebula/test02
 create mode 100644 pluto/test03
 create mode 100644 saturn3.py
 create mode 100644 saturn4.py
 create mode 100644 saturn5.py
 create mode 100644 saturn6.py
 create mode 100644 saturn7.py
 create mode 100644 saturn8.py
 create mode 100644 saturn9.py
    $ git remote add origin ...230919-git-study4devops.git
$ git push -u origin main
Enumerating objects: 6, done.
Counting objects: 100% (6/6), done.
Delta compression using up to 4 threads
Compressing objects: 100% (2/2), done.
Writing objects: 100% (6/6), 512 bytes | 512.00 KiB/s, done.
Total 6 (delta 0), reused 0 (delta 0), pack-reused 0
To github.com:Azrubael/230919-git-study4devops.git
 * [new branch]      main -> main
Branch 'main' set up to track remote branch 'main' from 'origin'.

    $ cat .git/config
[core]
	repositoryformatversion = 0
	filemode = false
	bare = false
	logallrefupdates = true
[remote "origin"]
	url = ...230919-git-study4devops.git
	fetch = +refs/heads/*:refs/remotes/origin/*
[branch "main"]
	remote = origin
	merge = refs/heads/main
	
	$ vim saturn3.py
Saturn has many moons:
-   Minas
-   Dione
-   Rhea
-   Hyperion

    $ git add WORKFLOW.txt saturn3.py